// Jest Snapshot v1, https://goo.gl/fbAQLP

exports[`Login Page renders the complete page 1`] = `
<div
  id="login-page"
>
  <nav
    role="navigation"
  >
    <h1
      className="pointer"
      onClick={[Function]}
    >
      Quoter
    </h1>
  </nav>
  <div
    id="login-main"
  >
    <h2>
      Login to Quoter
    </h2>
    <div
      className="error"
      role="alert"
    />
    <form
      id="login-form"
      onSubmit={[Function]}
    >
      <label
        htmlFor="loginUsername"
      >
        Username
      </label>
      <input
        id="loginUsername"
        name="loginUsername"
        type="text"
      />
      <label
        htmlFor="loginPassword"
      >
        Password
      </label>
      <input
        id="loginPassword"
        name="loginPassword"
        type="password"
      />
      <button
        type="submit"
      >
        Submit
      </button>
    </form>
    <div
      id="login-to-reg"
    >
      <Link
        to="/register"
      >
        Don't have an account?
      </Link>
    </div>
  </div>
</div>
`;
